// Jest Snapshot v1, https://goo.gl/fbAQLP

exports[`ForecastDetails Renders as expected 1`] = `
<div
  className="forecast-details"
  data-testid="forecast-details"
>
  <div
    className="forecast-details__date"
  >
    Mon 30th Apr
  </div>
  <div
    className="forecast-details__temperature"
  >
    Temperature: 
    12
    °C - 
    22
    °C
  </div>
  <div
    className="forecast-details__humidity"
  >
    Humidity: 
    50
  </div>
  <div
    className="forecast-details__wind"
  >
    Wind: 
    8
    mph 
    NNE
  </div>
</div>
`;
